<html>
<body>
<pre>
<h1>µVision Build Log</h1>
<h2>Tool Versions:</h2>
IDE-Version: µVision V5.29.0.0
Copyright (C) 2019 ARM Ltd and ARM Germany GmbH. All rights reserved.
License Information: Luca Barco, Politecnico di Torino, LIC=----
 
Tool Versions:
Toolchain:       MDK-Lite  Version: 5.29.0.0
Toolchain Path:  C:\Keil_v5\ARM\ARMCC\Bin
C Compiler:      Armcc.exe V5.06 update 6 (build 750)
Assembler:       Armasm.exe V5.06 update 6 (build 750)
Linker/Locator:  ArmLink.exe V5.06 update 6 (build 750)
Library Manager: ArmAr.exe V5.06 update 6 (build 750)
Hex Converter:   FromElf.exe V5.06 update 6 (build 750)
CPU DLL:         SARMCM3.DLL V5.29.0.0
Dialog DLL:      DARMP1.DLL V1.27.0.0
Target DLL:      UL2CM3.DLL V1.163.0.0
Dialog DLL:      TARMP1.DLL V1.26.0.0
 
<h2>Project:</h2>
D:\DATI\Documenti\Università\Laurea Magistrale\01_ESAMI IN CORSO\Architetture dei sistemi di elaborazione\LAB\Progetto_02\Progetto_02\Progetto_02\sample.uvproj
Project File Date:  01/13/2020

<h2>Output:</h2>
*** Using Compiler 'V5.06 update 6 (build 750)', folder: 'C:\Keil_v5\ARM\ARMCC\Bin'
Rebuild target 'Target 1'
assembling startup_LPC17xx.s...
compiling core_cm3.c...
compiling sample.c...
compiling system_LPC17xx.c...
compiling funct_led.c...
compiling lib_led.c...
compiling IRQ_button.c...
compiling lib_button.c...
compiling IRQ_timer.c...
timer\IRQ_timer.c(139): warning:  #223-D: function "EmergencyModeOn" declared implicitly
  		EmergencyModeOn();
timer\IRQ_timer.c(150): warning:  #223-D: function "ButtonDeselection" declared implicitly
  			ButtonDeselection();
timer\IRQ_timer.c(177): warning:  #223-D: function "DAC_convert" declared implicitly
  	DAC_convert (SinTable[ticks]<<6);
timer\IRQ_timer.c: 3 warnings, 0 errors
compiling lib_timer.c...
compiling IRQ_RIT.c...
RIT\IRQ_RIT.c(85): warning:  #223-D: function "ADC_start_conversion" declared implicitly
  	ADC_start_conversion();		
RIT\IRQ_RIT.c: 1 warning, 0 errors
compiling lib_RIT.c...
compiling funct_joystick.c...
compiling IRQ_adc.c...
compiling lib_joystick.c...
compiling lib_adc.c...
compiling AsciiLib.c...
compiling lib_dac.c...
compiling HzLib.c...
compiling TouchPanel.c...
compiling GLCD.c...
linking...
Program Size: Code=27904 RO-data=1840 RW-data=576 ZI-data=680  
".\sample.axf" - 0 Error(s), 4 Warning(s).
Build Time Elapsed:  00:00:04
</pre>
</body>
</html>
