<html>
<body>
<pre>
<h1>µVision Build Log</h1>
<h2>Tool Versions:</h2>
IDE-Version: µVision V5.29.0.0
Copyright (C) 2019 ARM Ltd and ARM Germany GmbH. All rights reserved.
License Information: Stefano Bergia, Politecnico di Torino, LIC=----
 
Tool Versions:
Toolchain:       MDK-Lite  Version: 5.29.0.0
Toolchain Path:  C:\Keil_v5\ARM\ARMCC\Bin
C Compiler:      Armcc.exe V5.06 update 6 (build 750)
Assembler:       Armasm.exe V5.06 update 6 (build 750)
Linker/Locator:  ArmLink.exe V5.06 update 6 (build 750)
Library Manager: ArmAr.exe V5.06 update 6 (build 750)
Hex Converter:   FromElf.exe V5.06 update 6 (build 750)
CPU DLL:         SARMCM3.DLL V5.29.0.0
Dialog DLL:      DARMP1.DLL V1.27.0.0
Target DLL:      UL2CM3.DLL V1.163.0.0
Dialog DLL:      TARMP1.DLL V1.26.0.0
 
<h2>Project:</h2>
C:\Users\stefa\Documents\Lezioni\Architetture\ARM\Progetti\09_sample_BUTTON_LED_NVIC_PCON_TIMER_RIT_bouncing_buttons_joystick_ALL_DIRECTIONS\sample.uvproj
Project File Date:  12/17/2019

<h2>Output:</h2>
*** Using Compiler 'V5.06 update 6 (build 750)', folder: 'C:\Keil_v5\ARM\ARMCC\Bin'
Build target 'Target 1'
compiling IRQ_RIT.c...
compiling lib_RIT.c...
compiling IRQ_button.c...
linking...
Program Size: Code=1868 RO-data=268 RW-data=24 ZI-data=608  
".\sample.axf" - 0 Error(s), 0 Warning(s).
Build Time Elapsed:  00:00:00
</pre>
</body>
</html>
