<html>
<body>
<pre>
<h1>µVision Build Log</h1>
<h2>Tool Versions:</h2>
IDE-Version: µVision V5.29.0.0
Copyright (C) 2019 ARM Ltd and ARM Germany GmbH. All rights reserved.
License Information: Luca Barco, Politecnico di Torino, LIC=----
 
Tool Versions:
Toolchain:       MDK-Lite  Version: 5.29.0.0
Toolchain Path:  C:\Keil_v5\ARM\ARMCC\Bin
C Compiler:      Armcc.exe V5.06 update 6 (build 750)
Assembler:       Armasm.exe V5.06 update 6 (build 750)
Linker/Locator:  ArmLink.exe V5.06 update 6 (build 750)
Library Manager: ArmAr.exe V5.06 update 6 (build 750)
Hex Converter:   FromElf.exe V5.06 update 6 (build 750)
CPU DLL:         SARMCM3.DLL V5.29.0.0
Dialog DLL:      DARMP1.DLL V1.27.0.0
Target DLL:      UL2CM3.DLL V1.163.0.0
Dialog DLL:      TARMP1.DLL V1.26.0.0
 
<h2>Project:</h2>
D:\DATI\Documenti\Università\Laurea Magistrale\01_ESAMI IN CORSO\Architetture dei sistemi di elaborazione\LAB\Progetto_01\Progetto_01\Progetto_01\sample.uvproj
Project File Date:  01/07/2020

<h2>Output:</h2>
*** Using Compiler 'V5.06 update 6 (build 750)', folder: 'C:\Keil_v5\ARM\ARMCC\Bin'
Rebuild target 'Target 1'
assembling startup_LPC17xx.s...
compiling core_cm3.c...
compiling sample.c...
compiling system_LPC17xx.c...
compiling funct_led.c...
compiling lib_led.c...
compiling IRQ_button.c...
compiling lib_button.c...
compiling IRQ_timer.c...
compiling lib_timer.c...
compiling IRQ_RIT.c...
compiling lib_RIT.c...
compiling funct_joystick.c...
compiling lib_joystick.c...
linking...
Program Size: Code=3396 RO-data=268 RW-data=76 ZI-data=612  
".\sample.axf" - 0 Error(s), 0 Warning(s).
Build Time Elapsed:  00:00:03
</pre>
</body>
</html>
