<html>
<body>
<pre>
<h1>µVision Build Log</h1>
<h2>Tool Versions:</h2>
IDE-Version: µVision V5.29.0.0
Copyright (C) 2019 ARM Ltd and ARM Germany GmbH. All rights reserved.
License Information: Luca Barco, Politecnico di Torino, LIC=----
 
Tool Versions:
Toolchain:       MDK-Lite  Version: 5.29.0.0
Toolchain Path:  C:\Keil_v5\ARM\ARMCC\Bin
C Compiler:      Armcc.exe V5.06 update 6 (build 750)
Assembler:       Armasm.exe V5.06 update 6 (build 750)
Linker/Locator:  ArmLink.exe V5.06 update 6 (build 750)
Library Manager: ArmAr.exe V5.06 update 6 (build 750)
Hex Converter:   FromElf.exe V5.06 update 6 (build 750)
CPU DLL:         SARMCM3.DLL V5.29.0.0
Dialog DLL:      DARMP1.DLL V1.27.0.0
Target DLL:      UL2CM3.DLL V1.163.0.0
Dialog DLL:      TARMP1.DLL V1.26.0.0
 
<h2>Project:</h2>
D:\DATI\Documenti\Università\Laurea Magistrale\01_ESAMI IN CORSO\Architetture dei sistemi di elaborazione\LAB\Progetto_02\11_ALL_TS_LCD_POTENZ_NOTE\11_ALL_TS_LCD_POTENZ_NOTE\sample.uvprojx
Project File Date:  01/09/2020

<h2>Output:</h2>
*** Using Compiler 'V5.06 update 6 (build 750)', folder: 'C:\Keil_v5\ARM\ARMCC\Bin'
Rebuild target 'Target 1'
assembling startup_LPC17xx.s...
compiling core_cm3.c...
compiling sample.c...
compiling AsciiLib.c...
compiling system_LPC17xx.c...
compiling IRQ_timer.c...
timer\IRQ_timer.c(136): warning:  #223-D: function "DAC_convert" declared implicitly
  	DAC_convert(SinTable[ticks]<<6);
timer\IRQ_timer.c: 1 warning, 0 errors
compiling TouchPanel.c...
compiling lib_timer.c...
compiling IRQ_adc.c...
compiling lib_adc.c...
compiling IRQ_button.c...
compiling lib_button.c...
compiling IRQ_RIT.c...
compiling lib_RIT.c...
compiling GLCD.c...
compiling lib_dac.c...
compiling funct_led.c...
compiling lib_led.c...
linking...
Program Size: Code=25672 RO-data=1824 RW-data=472 ZI-data=680  
".\sample.axf" - 0 Error(s), 1 Warning(s).

<h2>Software Packages used:</h2>

Package Vendor: ARM
                http://www.keil.com/pack/ARM.CMSIS.5.6.0.pack
                ARM.CMSIS.5.6.0
                CMSIS (Cortex Microcontroller Software Interface Standard)
   * Component: CORE Version: 5.3.0

Package Vendor: Keil
                http://www.keil.com/pack/Keil.LPC1700_DFP.2.6.0.pack
                Keil.LPC1700_DFP.2.6.0
                NXP LPC1700 Series Device Support, Drivers and Examples for MCB1700 and LPC1788-32

<h2>Collection of Component include folders:</h2>
  .\RTE\_Target_1
  C:\Users\Luca Barco\AppData\Local\Arm\Packs\ARM\CMSIS\5.6.0\CMSIS\Core\Include
  C:\Users\Luca Barco\AppData\Local\Arm\Packs\Keil\LPC1700_DFP\2.6.0\Device\Include

<h2>Collection of Component Files used:</h2>

   * Component: ARM::CMSIS:CORE:5.3.0
Build Time Elapsed:  00:00:04
</pre>
</body>
</html>
